Masking low-complexity regions of new file... done.
Added "/scratch/prj/rosetree/Valentina/databases/VMGC_DB/VMGC_DB_taxid_fastas/VP_06.fa" to library (/scratch/prj/rosetree/Valentina/databases/VMGC_DB/KrakenDB_VMGC_v2)
Masking low-complexity regions of new file... done.
Added "/scratch/prj/rosetree/Valentina/databases/VMGC_DB/VMGC_DB_taxid_fastas/SRR12830915.sbin.5.fa" to library (/scratch/prj/rosetree/Valentina/databases/VMGC_DB/KrakenDB_VMGC_v2)
Masking low-complexity regions of new file... done.
Added "/scratch/prj/rosetree/Valentina/databases/VMGC_DB/VMGC_DB_taxid_fastas/SRR12830928.mbin.5.fa" to library (/scratch/prj/rosetree/Valentina/databases/VMGC_DB/KrakenDB_VMGC_v2)
Masking low-complexity regions of new file... done.
Added "/scratch/prj/rosetree/Valentina/databases/VMGC_DB/VMGC_DB_taxid_fastas/GCA_002259875.1.fa" to library (/scratch/prj/rosetree/Valentina/databases/VMGC_DB/KrakenDB_VMGC_v2)
Masking low-complexity regions of new file... done.
Added "/scratch/prj/rosetree/Valentina/databases/VMGC_DB/VMGC_DB_taxid_fastas/VP_07.fa" to library (/scratch/prj/rosetree/Valentina/databases/VMGC_DB/KrakenDB_VMGC_v2)
Masking low-complexity regions of new file... done.
Added "/scratch/prj/rosetree/Valentina/databases/VMGC_DB/VMGC_DB_taxid_fastas/GCA_020450215.1.fa" to library (/scratch/prj/rosetree/Valentina/databases/VMGC_DB/KrakenDB_VMGC_v2)
Masking low-complexity regions of new file... done.
Added "/scratch/prj/rosetree/Valentina/databases/VMGC_DB/VMGC_DB_taxid_fastas/SRR12830917.mbin.3.fa" to library (/scratch/prj/rosetree/Valentina/databases/VMGC_DB/KrakenDB_VMGC_v2)
Masking low-complexity regions of new file... done.
Added "/scratch/prj/rosetree/Valentina/databases/VMGC_DB/VMGC_DB_taxid_fastas/GCA_020450235.1.fa" to library (/scratch/prj/rosetree/Valentina/databases/VMGC_DB/KrakenDB_VMGC_v2)
Masking low-complexity regions of new file... done.
Added "/scratch/prj/rosetree/Valentina/databases/VMGC_DB/VMGC_DB_taxid_fastas/VMGC_virus_all.fa" to library (/scratch/prj/rosetree/Valentina/databases/VMGC_DB/KrakenDB_VMGC_v2)
Masking low-complexity regions of new file... done.
Added "/scratch/prj/rosetree/Valentina/databases/VMGC_DB/VMGC_DB_taxid_fastas/SRR12830920.mbin.7.fa" to library (/scratch/prj/rosetree/Valentina/databases/VMGC_DB/KrakenDB_VMGC_v2)
Masking low-complexity regions of new file... done.
Added "/scratch/prj/rosetree/Valentina/databases/VMGC_DB/VMGC_DB_taxid_fastas/GCA_029703225.1.fa" to library (/scratch/prj/rosetree/Valentina/databases/VMGC_DB/KrakenDB_VMGC_v2)
Masking low-complexity regions of new file... done.
Added "/scratch/prj/rosetree/Valentina/databases/VMGC_DB/VMGC_DB_taxid_fastas/SRR12830921.mbin.1.fa" to library (/scratch/prj/rosetree/Valentina/databases/VMGC_DB/KrakenDB_VMGC_v2)
Masking low-complexity regions of new file... done.
Added "/scratch/prj/rosetree/Valentina/databases/VMGC_DB/VMGC_DB_taxid_fastas/GCA_002259805.1.fa" to library (/scratch/prj/rosetree/Valentina/databases/VMGC_DB/KrakenDB_VMGC_v2)
Masking low-complexity regions of new file... done.
Added "/scratch/prj/rosetree/Valentina/databases/VMGC_DB/VMGC_DB_taxid_fastas/GCA_020450265.1.fa" to library (/scratch/prj/rosetree/Valentina/databases/VMGC_DB/KrakenDB_VMGC_v2)
Masking low-complexity regions of new file... done.
Added "/scratch/prj/rosetree/Valentina/databases/VMGC_DB/VMGC_DB_taxid_fastas/GCA_019393625.1.fa" to library (/scratch/prj/rosetree/Valentina/databases/VMGC_DB/KrakenDB_VMGC_v2)
Masking low-complexity regions of new file... done.
Added "/scratch/prj/rosetree/Valentina/databases/VMGC_DB/VMGC_DB_taxid_fastas/MG535.mbin.36.fa" to library (/scratch/prj/rosetree/Valentina/databases/VMGC_DB/KrakenDB_VMGC_v2)
Masking low-complexity regions of new file... done.
Added "/scratch/prj/rosetree/Valentina/databases/VMGC_DB/VMGC_DB_taxid_fastas/VP_05.fa" to library (/scratch/prj/rosetree/Valentina/databases/VMGC_DB/KrakenDB_VMGC_v2)
Masking low-complexity regions of new file... done.
Added "/scratch/prj/rosetree/Valentina/databases/VMGC_DB/VMGC_DB_taxid_fastas/MG298.mbin.1.fa" to library (/scratch/prj/rosetree/Valentina/databases/VMGC_DB/KrakenDB_VMGC_v2)
Masking low-complexity regions of new file... done.
Added "/scratch/prj/rosetree/Valentina/databases/VMGC_DB/VMGC_DB_taxid_fastas/VP_04.fa" to library (/scratch/prj/rosetree/Valentina/databases/VMGC_DB/KrakenDB_VMGC_v2)
Masking low-complexity regions of new file... done.
Added "/scratch/prj/rosetree/Valentina/databases/VMGC_DB/VMGC_DB_taxid_fastas/GCA_002259835.1.fa" to library (/scratch/prj/rosetree/Valentina/databases/VMGC_DB/KrakenDB_VMGC_v2)
Masking low-complexity regions of new file... done.
Added "/scratch/prj/rosetree/Valentina/databases/VMGC_DB/VMGC_DB_taxid_fastas/SRR19237612.sbin.2.fa" to library (/scratch/prj/rosetree/Valentina/databases/VMGC_DB/KrakenDB_VMGC_v2)
Masking low-complexity regions of new file... done.
Added "/scratch/prj/rosetree/Valentina/databases/VMGC_DB/VMGC_DB_taxid_fastas/GCA_014217725.1.fa" to library (/scratch/prj/rosetree/Valentina/databases/VMGC_DB/KrakenDB_VMGC_v2)
Masking low-complexity regions of new file... done.
Added "/scratch/prj/rosetree/Valentina/databases/VMGC_DB/VMGC_DB_taxid_fastas/SRR12830916.sbin.18.fa" to library (/scratch/prj/rosetree/Valentina/databases/VMGC_DB/KrakenDB_VMGC_v2)
Masking low-complexity regions of new file... done.
Added "/scratch/prj/rosetree/Valentina/databases/VMGC_DB/VMGC_DB_taxid_fastas/GCA_002259885.1.fa" to library (/scratch/prj/rosetree/Valentina/databases/VMGC_DB/KrakenDB_VMGC_v2)
Masking low-complexity regions of new file... done.
Added "/scratch/prj/rosetree/Valentina/databases/VMGC_DB/VMGC_DB_taxid_fastas/GCA_019359905.1.fa" to library (/scratch/prj/rosetree/Valentina/databases/VMGC_DB/KrakenDB_VMGC_v2)
Masking low-complexity regions of new file... done.
Added "/scratch/prj/rosetree/Valentina/databases/VMGC_DB/VMGC_DB_taxid_fastas/VP_08.fa" to library (/scratch/prj/rosetree/Valentina/databases/VMGC_DB/KrakenDB_VMGC_v2)
Masking low-complexity regions of new file... done.
Added "/scratch/prj/rosetree/Valentina/databases/VMGC_DB/VMGC_DB_taxid_fastas/SRR12830916.mbin.10.fa" to library (/scratch/prj/rosetree/Valentina/databases/VMGC_DB/KrakenDB_VMGC_v2)
Masking low-complexity regions of new file... done.
Added "/scratch/prj/rosetree/Valentina/databases/VMGC_DB/VMGC_DB_taxid_fastas/VMGC_virus_vOTU.fa" to library (/scratch/prj/rosetree/Valentina/databases/VMGC_DB/KrakenDB_VMGC_v2)
Masking low-complexity regions of new file... done.
Added "/scratch/prj/rosetree/Valentina/databases/VMGC_DB/VMGC_DB_taxid_fastas/GCA_025727145.1.fa" to library (/scratch/prj/rosetree/Valentina/databases/VMGC_DB/KrakenDB_VMGC_v2)
Masking low-complexity regions of new file... done.
Added "/scratch/prj/rosetree/Valentina/databases/VMGC_DB/VMGC_DB_taxid_fastas/GCA_018873225.1.fa" to library (/scratch/prj/rosetree/Valentina/databases/VMGC_DB/KrakenDB_VMGC_v2)
Masking low-complexity regions of new file... done.
Added "/scratch/prj/rosetree/Valentina/databases/VMGC_DB/VMGC_DB_taxid_fastas/MG1331.mbin.16.fa" to library (/scratch/prj/rosetree/Valentina/databases/VMGC_DB/KrakenDB_VMGC_v2)
Masking low-complexity regions of new file... done.
Added "/scratch/prj/rosetree/Valentina/databases/VMGC_DB/VMGC_DB_taxid_fastas/SRR12830917.sbin.24.fa" to library (/scratch/prj/rosetree/Valentina/databases/VMGC_DB/KrakenDB_VMGC_v2)
Masking low-complexity regions of new file... done.
Added "/scratch/prj/rosetree/Valentina/databases/VMGC_DB/VMGC_DB_taxid_fastas/VP_10.fa" to library (/scratch/prj/rosetree/Valentina/databases/VMGC_DB/KrakenDB_VMGC_v2)
Masking low-complexity regions of new file... done.
Added "/scratch/prj/rosetree/Valentina/databases/VMGC_DB/VMGC_DB_taxid_fastas/MG1356.mbin.9.fa" to library (/scratch/prj/rosetree/Valentina/databases/VMGC_DB/KrakenDB_VMGC_v2)
Masking low-complexity regions of new file... done.
Added "/scratch/prj/rosetree/Valentina/databases/VMGC_DB/VMGC_DB_taxid_fastas/VP_03.fa" to library (/scratch/prj/rosetree/Valentina/databases/VMGC_DB/KrakenDB_VMGC_v2)
Masking low-complexity regions of new file... done.
Added "/scratch/prj/rosetree/Valentina/databases/VMGC_DB/VMGC_DB_taxid_fastas/GCA_020450195.1.fa" to library (/scratch/prj/rosetree/Valentina/databases/VMGC_DB/KrakenDB_VMGC_v2)
Masking low-complexity regions of new file... done.
Added "/scratch/prj/rosetree/Valentina/databases/VMGC_DB/VMGC_DB_taxid_fastas/ERR10898147.mbin.11.fa" to library (/scratch/prj/rosetree/Valentina/databases/VMGC_DB/KrakenDB_VMGC_v2)
Masking low-complexity regions of new file... done.
Added "/scratch/prj/rosetree/Valentina/databases/VMGC_DB/VMGC_DB_taxid_fastas/GCA_025434895.1.fa" to library (/scratch/prj/rosetree/Valentina/databases/VMGC_DB/KrakenDB_VMGC_v2)
Masking low-complexity regions of new file... done.
Added "/scratch/prj/rosetree/Valentina/databases/VMGC_DB/VMGC_DB_taxid_fastas/GCA_002259865.1.fa" to library (/scratch/prj/rosetree/Valentina/databases/VMGC_DB/KrakenDB_VMGC_v2)
Masking low-complexity regions of new file... done.
Added "/scratch/prj/rosetree/Valentina/databases/VMGC_DB/VMGC_DB_taxid_fastas/MG1330.mbin.8.fa" to library (/scratch/prj/rosetree/Valentina/databases/VMGC_DB/KrakenDB_VMGC_v2)
Masking low-complexity regions of new file... done.
Added "/scratch/prj/rosetree/Valentina/databases/VMGC_DB/VMGC_DB_taxid_fastas/SRR12830910.mbin.13.fa" to library (/scratch/prj/rosetree/Valentina/databases/VMGC_DB/KrakenDB_VMGC_v2)
Masking low-complexity regions of new file... done.
Added "/scratch/prj/rosetree/Valentina/databases/VMGC_DB/VMGC_DB_taxid_fastas/GCA_029702875.1.fa" to library (/scratch/prj/rosetree/Valentina/databases/VMGC_DB/KrakenDB_VMGC_v2)
Masking low-complexity regions of new file... done.
Added "/scratch/prj/rosetree/Valentina/databases/VMGC_DB/VMGC_DB_taxid_fastas/VP_02.fa" to library (/scratch/prj/rosetree/Valentina/databases/VMGC_DB/KrakenDB_VMGC_v2)
Masking low-complexity regions of new file... done.
Added "/scratch/prj/rosetree/Valentina/databases/VMGC_DB/VMGC_DB_taxid_fastas/SRR16916854.mbin.1.fa" to library (/scratch/prj/rosetree/Valentina/databases/VMGC_DB/KrakenDB_VMGC_v2)
Found 0/3148 targets, searched through 1179741151 accession IDs, search complete.
lookup_accession_numbers: 3148/3148 accession numbers remain unmapped, see unmapped.txt in DB directory
Taxonomy parsed and converted.
CHT created with 13 bits reserved for taxid.
Completed processing of 105660 sequences, 2418004653 bp
Writing data to disk...  complete.
Database disk usage: 61G
After cleaning, database uses 617M
