Masking low-complexity regions of new file... done.
Added "/scratch/prj/rosetree/Valentina/databases/VMGC_DB/VMGC_DB_taxid_fastas/VP_06.fa" to library (/scratch/prj/rosetree/Valentina/databases/VMGC_DB/KrakenDB_VMGC_v2)
Masking low-complexity regions of new file... done.
Added "/scratch/prj/rosetree/Valentina/databases/VMGC_DB/VMGC_DB_taxid_fastas/SRR12830915.sbin.5.fa" to library (/scratch/prj/rosetree/Valentina/databases/VMGC_DB/KrakenDB_VMGC_v2)
Masking low-complexity regions of new file... done.
Added "/scratch/prj/rosetree/Valentina/databases/VMGC_DB/VMGC_DB_taxid_fastas/SRR12830928.mbin.5.fa" to library (/scratch/prj/rosetree/Valentina/databases/VMGC_DB/KrakenDB_VMGC_v2)
Masking low-complexity regions of new file... done.
Added "/scratch/prj/rosetree/Valentina/databases/VMGC_DB/VMGC_DB_taxid_fastas/GCA_002259875.1.fa" to library (/scratch/prj/rosetree/Valentina/databases/VMGC_DB/KrakenDB_VMGC_v2)
Masking low-complexity regions of new file... done.
Added "/scratch/prj/rosetree/Valentina/databases/VMGC_DB/VMGC_DB_taxid_fastas/VP_07.fa" to library (/scratch/prj/rosetree/Valentina/databases/VMGC_DB/KrakenDB_VMGC_v2)
Masking low-complexity regions of new file... done.
Added "/scratch/prj/rosetree/Valentina/databases/VMGC_DB/VMGC_DB_taxid_fastas/GCA_020450215.1.fa" to library (/scratch/prj/rosetree/Valentina/databases/VMGC_DB/KrakenDB_VMGC_v2)
Masking low-complexity regions of new file... done.
Added "/scratch/prj/rosetree/Valentina/databases/VMGC_DB/VMGC_DB_taxid_fastas/SRR12830917.mbin.3.fa" to library (/scratch/prj/rosetree/Valentina/databases/VMGC_DB/KrakenDB_VMGC_v2)
Masking low-complexity regions of new file... done.
Added "/scratch/prj/rosetree/Valentina/databases/VMGC_DB/VMGC_DB_taxid_fastas/GCA_020450235.1.fa" to library (/scratch/prj/rosetree/Valentina/databases/VMGC_DB/KrakenDB_VMGC_v2)
Masking low-complexity regions of new file... done.
Added "/scratch/prj/rosetree/Valentina/databases/VMGC_DB/VMGC_DB_taxid_fastas/VMGC_virus_all.fa" to library (/scratch/prj/rosetree/Valentina/databases/VMGC_DB/KrakenDB_VMGC_v2)
Masking low-complexity regions of new file... done.
Added "/scratch/prj/rosetree/Valentina/databases/VMGC_DB/VMGC_DB_taxid_fastas/SRR12830920.mbin.7.fa" to library (/scratch/prj/rosetree/Valentina/databases/VMGC_DB/KrakenDB_VMGC_v2)
Masking low-complexity regions of new file... done.
Added "/scratch/prj/rosetree/Valentina/databases/VMGC_DB/VMGC_DB_taxid_fastas/GCA_029703225.1.fa" to library (/scratch/prj/rosetree/Valentina/databases/VMGC_DB/KrakenDB_VMGC_v2)
Masking low-complexity regions of new file... done.
Added "/scratch/prj/rosetree/Valentina/databases/VMGC_DB/VMGC_DB_taxid_fastas/SRR12830921.mbin.1.fa" to library (/scratch/prj/rosetree/Valentina/databases/VMGC_DB/KrakenDB_VMGC_v2)
Masking low-complexity regions of new file... done.
Added "/scratch/prj/rosetree/Valentina/databases/VMGC_DB/VMGC_DB_taxid_fastas/GCA_002259805.1.fa" to library (/scratch/prj/rosetree/Valentina/databases/VMGC_DB/KrakenDB_VMGC_v2)
Masking low-complexity regions of new file... done.
Added "/scratch/prj/rosetree/Valentina/databases/VMGC_DB/VMGC_DB_taxid_fastas/GCA_020450265.1.fa" to library (/scratch/prj/rosetree/Valentina/databases/VMGC_DB/KrakenDB_VMGC_v2)
Masking low-complexity regions of new file... done.
Added "/scratch/prj/rosetree/Valentina/databases/VMGC_DB/VMGC_DB_taxid_fastas/GCA_019393625.1.fa" to library (/scratch/prj/rosetree/Valentina/databases/VMGC_DB/KrakenDB_VMGC_v2)
Masking low-complexity regions of new file... done.
Added "/scratch/prj/rosetree/Valentina/databases/VMGC_DB/VMGC_DB_taxid_fastas/MG535.mbin.36.fa" to library (/scratch/prj/rosetree/Valentina/databases/VMGC_DB/KrakenDB_VMGC_v2)
Masking low-complexity regions of new file... done.
Added "/scratch/prj/rosetree/Valentina/databases/VMGC_DB/VMGC_DB_taxid_fastas/VP_05.fa" to library (/scratch/prj/rosetree/Valentina/databases/VMGC_DB/KrakenDB_VMGC_v2)
Masking low-complexity regions of new file... done.
Added "/scratch/prj/rosetree/Valentina/databases/VMGC_DB/VMGC_DB_taxid_fastas/MG298.mbin.1.fa" to library (/scratch/prj/rosetree/Valentina/databases/VMGC_DB/KrakenDB_VMGC_v2)
Masking low-complexity regions of new file... done.
Added "/scratch/prj/rosetree/Valentina/databases/VMGC_DB/VMGC_DB_taxid_fastas/VP_04.fa" to library (/scratch/prj/rosetree/Valentina/databases/VMGC_DB/KrakenDB_VMGC_v2)
Masking low-complexity regions of new file... done.
Added "/scratch/prj/rosetree/Valentina/databases/VMGC_DB/VMGC_DB_taxid_fastas/GCA_002259835.1.fa" to library (/scratch/prj/rosetree/Valentina/databases/VMGC_DB/KrakenDB_VMGC_v2)
Masking low-complexity regions of new file... done.
Added "/scratch/prj/rosetree/Valentina/databases/VMGC_DB/VMGC_DB_taxid_fastas/SRR19237612.sbin.2.fa" to library (/scratch/prj/rosetree/Valentina/databases/VMGC_DB/KrakenDB_VMGC_v2)
Masking low-complexity regions of new file... done.
Added "/scratch/prj/rosetree/Valentina/databases/VMGC_DB/VMGC_DB_taxid_fastas/GCA_014217725.1.fa" to library (/scratch/prj/rosetree/Valentina/databases/VMGC_DB/KrakenDB_VMGC_v2)
Masking low-complexity regions of new file... done.
Added "/scratch/prj/rosetree/Valentina/databases/VMGC_DB/VMGC_DB_taxid_fastas/SRR12830916.sbin.18.fa" to library (/scratch/prj/rosetree/Valentina/databases/VMGC_DB/KrakenDB_VMGC_v2)
Masking low-complexity regions of new file... done.
Added "/scratch/prj/rosetree/Valentina/databases/VMGC_DB/VMGC_DB_taxid_fastas/GCA_002259885.1.fa" to library (/scratch/prj/rosetree/Valentina/databases/VMGC_DB/KrakenDB_VMGC_v2)
Masking low-complexity regions of new file... done.
Added "/scratch/prj/rosetree/Valentina/databases/VMGC_DB/VMGC_DB_taxid_fastas/GCA_019359905.1.fa" to library (/scratch/prj/rosetree/Valentina/databases/VMGC_DB/KrakenDB_VMGC_v2)
Masking low-complexity regions of new file... done.
Added "/scratch/prj/rosetree/Valentina/databases/VMGC_DB/VMGC_DB_taxid_fastas/VP_08.fa" to library (/scratch/prj/rosetree/Valentina/databases/VMGC_DB/KrakenDB_VMGC_v2)
Masking low-complexity regions of new file... done.
Added "/scratch/prj/rosetree/Valentina/databases/VMGC_DB/VMGC_DB_taxid_fastas/SRR12830916.mbin.10.fa" to library (/scratch/prj/rosetree/Valentina/databases/VMGC_DB/KrakenDB_VMGC_v2)
Masking low-complexity regions of new file... done.
Added "/scratch/prj/rosetree/Valentina/databases/VMGC_DB/VMGC_DB_taxid_fastas/VMGC_virus_vOTU.fa" to library (/scratch/prj/rosetree/Valentina/databases/VMGC_DB/KrakenDB_VMGC_v2)
Masking low-complexity regions of new file... done.
Added "/scratch/prj/rosetree/Valentina/databases/VMGC_DB/VMGC_DB_taxid_fastas/GCA_025727145.1.fa" to library (/scratch/prj/rosetree/Valentina/databases/VMGC_DB/KrakenDB_VMGC_v2)
Masking low-complexity regions of new file... done.
Added "/scratch/prj/rosetree/Valentina/databases/VMGC_DB/VMGC_DB_taxid_fastas/GCA_018873225.1.fa" to library (/scratch/prj/rosetree/Valentina/databases/VMGC_DB/KrakenDB_VMGC_v2)
Masking low-complexity regions of new file... done.
Added "/scratch/prj/rosetree/Valentina/databases/VMGC_DB/VMGC_DB_taxid_fastas/MG1331.mbin.16.fa" to library (/scratch/prj/rosetree/Valentina/databases/VMGC_DB/KrakenDB_VMGC_v2)
Masking low-complexity regions of new file... done.
Added "/scratch/prj/rosetree/Valentina/databases/VMGC_DB/VMGC_DB_taxid_fastas/SRR12830917.sbin.24.fa" to library (/scratch/prj/rosetree/Valentina/databases/VMGC_DB/KrakenDB_VMGC_v2)
Masking low-complexity regions of new file... done.
Added "/scratch/prj/rosetree/Valentina/databases/VMGC_DB/VMGC_DB_taxid_fastas/VP_10.fa" to library (/scratch/prj/rosetree/Valentina/databases/VMGC_DB/KrakenDB_VMGC_v2)
Masking low-complexity regions of new file... done.
Added "/scratch/prj/rosetree/Valentina/databases/VMGC_DB/VMGC_DB_taxid_fastas/MG1356.mbin.9.fa" to library (/scratch/prj/rosetree/Valentina/databases/VMGC_DB/KrakenDB_VMGC_v2)
Masking low-complexity regions of new file... done.
Added "/scratch/prj/rosetree/Valentina/databases/VMGC_DB/VMGC_DB_taxid_fastas/VP_03.fa" to library (/scratch/prj/rosetree/Valentina/databases/VMGC_DB/KrakenDB_VMGC_v2)
Masking low-complexity regions of new file... done.
Added "/scratch/prj/rosetree/Valentina/databases/VMGC_DB/VMGC_DB_taxid_fastas/GCA_020450195.1.fa" to library (/scratch/prj/rosetree/Valentina/databases/VMGC_DB/KrakenDB_VMGC_v2)
Masking low-complexity regions of new file... done.
Added "/scratch/prj/rosetree/Valentina/databases/VMGC_DB/VMGC_DB_taxid_fastas/ERR10898147.mbin.11.fa" to library (/scratch/prj/rosetree/Valentina/databases/VMGC_DB/KrakenDB_VMGC_v2)
Masking low-complexity regions of new file... done.
Added "/scratch/prj/rosetree/Valentina/databases/VMGC_DB/VMGC_DB_taxid_fastas/GCA_025434895.1.fa" to library (/scratch/prj/rosetree/Valentina/databases/VMGC_DB/KrakenDB_VMGC_v2)
Masking low-complexity regions of new file... done.
Added "/scratch/prj/rosetree/Valentina/databases/VMGC_DB/VMGC_DB_taxid_fastas/GCA_002259865.1.fa" to library (/scratch/prj/rosetree/Valentina/databases/VMGC_DB/KrakenDB_VMGC_v2)
Masking low-complexity regions of new file... done.
Added "/scratch/prj/rosetree/Valentina/databases/VMGC_DB/VMGC_DB_taxid_fastas/MG1330.mbin.8.fa" to library (/scratch/prj/rosetree/Valentina/databases/VMGC_DB/KrakenDB_VMGC_v2)
Masking low-complexity regions of new file... done.
Added "/scratch/prj/rosetree/Valentina/databases/VMGC_DB/VMGC_DB_taxid_fastas/SRR12830910.mbin.13.fa" to library (/scratch/prj/rosetree/Valentina/databases/VMGC_DB/KrakenDB_VMGC_v2)
Masking low-complexity regions of new file... done.
Added "/scratch/prj/rosetree/Valentina/databases/VMGC_DB/VMGC_DB_taxid_fastas/GCA_029702875.1.fa" to library (/scratch/prj/rosetree/Valentina/databases/VMGC_DB/KrakenDB_VMGC_v2)
Masking low-complexity regions of new file... done.
Added "/scratch/prj/rosetree/Valentina/databases/VMGC_DB/VMGC_DB_taxid_fastas/VP_02.fa" to library (/scratch/prj/rosetree/Valentina/databases/VMGC_DB/KrakenDB_VMGC_v2)
Masking low-complexity regions of new file... done.
Added "/scratch/prj/rosetree/Valentina/databases/VMGC_DB/VMGC_DB_taxid_fastas/SRR16916854.mbin.1.fa" to library (/scratch/prj/rosetree/Valentina/databases/VMGC_DB/KrakenDB_VMGC_v2)
Unknown option: no-maps
Usage: kraken2-build [task option] [options]

Task options (exactly one must be selected):
  --download-taxonomy        Download NCBI taxonomic information
  --download-library TYPE    Download partial library
                             (TYPE = one of "archaea", "bacteria", "plasmid",
                             "viral", "human", "fungi", "plant", "protozoa",
                             "nr", "nt", "UniVec", "UniVec_Core")
  --special TYPE             Download and build a special database
                             (TYPE = one of "greengenes", "silva", "rdp")
  --add-to-library FILE      Add FILE to library
  --build                    Create DB from library
                             (requires taxonomy d/l'ed and at least one file
                             in library)
  --clean                    Remove unneeded files from a built database
  --standard                 Download and build default database
  --help                     Print this message
  --version                  Print version information

Options:
  --db NAME                  Kraken 2 DB name (mandatory except for
                             --help/--version)
  --threads #                Number of threads (def: 1)
  --kmer-len NUM             K-mer length in bp/aa (build task only;
                             def: 35 nt, 15 aa)
  --minimizer-len NUM        Minimizer length in bp/aa (build task only;
                             def: 31 nt, 12 aa)
  --minimizer-spaces NUM     Number of characters in minimizer that are
                             ignored in comparisons (build task only;
                             def: 7 nt, 0 aa)
  --protein                  Build a protein database for translated search
  --no-masking               Used with --standard/--download-library/
                             --add-to-library to avoid masking low-complexity
                             sequences prior to building; masking requires
                             dustmasker or segmasker to be installed in PATH,
                             which some users might not have.
  --max-db-size NUM          Maximum number of bytes for Kraken 2 hash table;
                             if the estimator determines more would normally be
                             needed, the reference library will be downsampled
                             to fit. (Used with --build/--standard/--special)
  --use-ftp                  Use FTP for downloading instead of RSYNC; used with
                             --download-library/--download-taxonomy/--standard.
  --skip-maps                Avoids downloading accession number to taxid maps,
                             used with --download-taxonomy.
  --load-factor FRAC         Proportion of the hash table to be populated
                             (build task only; def: 0.7, must be
                             between 0 and 1).
  --fast-build               Do not require database to be deterministically
                             built when using multiple threads.  This is faster,
                             but does introduce variability in minimizer/LCA
                             pairs.  Used with --build and --standard options.
