Extracting VMGC virus...
Extracting VMGC eukaryocyte...
Contents of /scratch/prj/rosetree/Valentina/databases/VMGC_DB:
total 1.7G
-rw-rw----+ 1 k23141892 er_prj_rosetree 6.9M Nov 30  2023 ERR10898147.mbin.11.fa
-rwxrw----+ 1 k23141892 er_prj_rosetree  15M Nov 30  2023 GCA_002259805.1.fa
-rwxrw----+ 1 k23141892 er_prj_rosetree  12M Nov 30  2023 GCA_002259835.1.fa
-rwxrw----+ 1 k23141892 er_prj_rosetree  16M Nov 30  2023 GCA_002259865.1.fa
-rwxrw----+ 1 k23141892 er_prj_rosetree  16M Nov 30  2023 GCA_002259875.1.fa
-rwxrw----+ 1 k23141892 er_prj_rosetree  15M Nov 30  2023 GCA_002259885.1.fa
-rwxrw----+ 1 k23141892 er_prj_rosetree  13M Nov 30  2023 GCA_014217725.1.fa
-rwxrw----+ 1 k23141892 er_prj_rosetree  43M Nov 30  2023 GCA_018873225.1.fa
-rwxrw----+ 1 k23141892 er_prj_rosetree  12M Nov 30  2023 GCA_019359905.1.fa
-rwxrw----+ 1 k23141892 er_prj_rosetree  11M Nov 30  2023 GCA_019393625.1.fa
-rwxrw----+ 1 k23141892 er_prj_rosetree  13M Nov 30  2023 GCA_020450195.1.fa
-rwxrw----+ 1 k23141892 er_prj_rosetree  13M Nov 30  2023 GCA_020450215.1.fa
-rwxrw----+ 1 k23141892 er_prj_rosetree  13M Nov 30  2023 GCA_020450235.1.fa
-rwxrw----+ 1 k23141892 er_prj_rosetree  13M Nov 30  2023 GCA_020450265.1.fa
-rwxrw----+ 1 k23141892 er_prj_rosetree  12M Nov 30  2023 GCA_025434895.1.fa
-rwxrw----+ 1 k23141892 er_prj_rosetree  12M Nov 30  2023 GCA_025727145.1.fa
-rwxrw----+ 1 k23141892 er_prj_rosetree  12M Nov 30  2023 GCA_029702875.1.fa
-rwxrw----+ 1 k23141892 er_prj_rosetree  12M Nov 30  2023 GCA_029703225.1.fa
-rw-rw----+ 1 k23141892 er_prj_rosetree 5.7M Nov 30  2023 MG1330.mbin.8.fa
-rw-rw----+ 1 k23141892 er_prj_rosetree 4.4M Nov 30  2023 MG1331.mbin.16.fa
-rw-rw----+ 1 k23141892 er_prj_rosetree  32M Nov 30  2023 MG1356.mbin.9.fa
-rw-rw----+ 1 k23141892 er_prj_rosetree 8.7M Nov 30  2023 MG298.mbin.1.fa
-rw-rw----+ 1 k23141892 er_prj_rosetree  44M Nov 30  2023 MG535.mbin.36.fa
-rw-rw----+ 1 k23141892 er_prj_rosetree  14M Nov 30  2023 SRR12830910.mbin.13.fa
-rw-rw----+ 1 k23141892 er_prj_rosetree  14M Nov 30  2023 SRR12830915.sbin.5.fa
-rw-rw----+ 1 k23141892 er_prj_rosetree  11M Nov 30  2023 SRR12830916.mbin.10.fa
-rw-rw----+ 1 k23141892 er_prj_rosetree  13M Nov 30  2023 SRR12830916.sbin.18.fa
-rw-rw----+ 1 k23141892 er_prj_rosetree  13M Nov 30  2023 SRR12830917.mbin.3.fa
-rw-rw----+ 1 k23141892 er_prj_rosetree  14M Nov 30  2023 SRR12830917.sbin.24.fa
-rw-rw----+ 1 k23141892 er_prj_rosetree  13M Nov 30  2023 SRR12830920.mbin.7.fa
-rw-rw----+ 1 k23141892 er_prj_rosetree  11M Nov 30  2023 SRR12830921.mbin.1.fa
-rw-rw----+ 1 k23141892 er_prj_rosetree  13M Nov 30  2023 SRR12830928.mbin.5.fa
-rw-rw----+ 1 k23141892 er_prj_rosetree 8.2M Nov 30  2023 SRR16916854.mbin.1.fa
-rw-rw----+ 1 k23141892 er_prj_rosetree 9.8M Nov 30  2023 SRR19237612.sbin.2.fa
-rw-r--r--+ 1 k23141892 er_prj_rosetree  11K Feb  6 14:27 VMGC_eukaryocyte.info
-rw-r--r--+ 1 k23141892 er_prj_rosetree 192M Feb  6 14:27 VMGC_eukaryocyte.tar.gz
-rw-rw----+ 1 k23141892 er_prj_rosetree 487M Dec 25  2023 VMGC_virus_all.fa
-rw-r--r--+ 1 k23141892 er_prj_rosetree 969K Feb  6 14:27 VMGC_virus.info
-rw-r--r--+ 1 k23141892 er_prj_rosetree 197M Feb  6 14:27 VMGC_virus.tar.gz
-rw-rw----+ 1 k23141892 er_prj_rosetree 162M Dec 25  2023 VMGC_virus_vOTU.fa
-rw-rw----+ 1 k23141892 er_prj_rosetree  20M Nov 30  2023 VP_02.fa
-rw-rw----+ 1 k23141892 er_prj_rosetree  20M Nov 30  2023 VP_03.fa
-rw-rw----+ 1 k23141892 er_prj_rosetree  20M Nov 30  2023 VP_04.fa
-rw-rw----+ 1 k23141892 er_prj_rosetree  13M Nov 30  2023 VP_05.fa
-rw-rw----+ 1 k23141892 er_prj_rosetree  26M Nov 30  2023 VP_06.fa
-rw-rw----+ 1 k23141892 er_prj_rosetree  27M Nov 30  2023 VP_07.fa
-rw-rw----+ 1 k23141892 er_prj_rosetree  13M Nov 30  2023 VP_08.fa
-rw-rw----+ 1 k23141892 er_prj_rosetree  12M Nov 30  2023 VP_10.fa
