Building seqid2taxid map from FASTAs in: /scratch/prj/rosetree/Valentina/databases/VMGC_DB/VMGC_DB_taxid_fastas
Output: /scratch/prj/rosetree/Valentina/databases/VMGC_DB/kraken2_vmgc_custom/seqid2taxid.map
Scanning: ERR10898147.mbin.11.fa
Scanning: GCA_002259805.1.fa
Scanning: GCA_002259835.1.fa
Scanning: GCA_002259865.1.fa
Scanning: GCA_002259875.1.fa
Scanning: GCA_002259885.1.fa
Scanning: GCA_014217725.1.fa
Scanning: GCA_018873225.1.fa
Scanning: GCA_019359905.1.fa
Scanning: GCA_019393625.1.fa
Scanning: GCA_020450195.1.fa
Scanning: GCA_020450215.1.fa
Scanning: GCA_020450235.1.fa
Scanning: GCA_020450265.1.fa
Scanning: GCA_025434895.1.fa
Scanning: GCA_025727145.1.fa
Scanning: GCA_029702875.1.fa
Scanning: GCA_029703225.1.fa
Scanning: MG1330.mbin.8.fa
Scanning: MG1331.mbin.16.fa
Scanning: MG1356.mbin.9.fa
Scanning: MG298.mbin.1.fa
Scanning: MG535.mbin.36.fa
Scanning: SRR12830910.mbin.13.fa
Scanning: SRR12830915.sbin.5.fa
Scanning: SRR12830916.mbin.10.fa
Scanning: SRR12830916.sbin.18.fa
Scanning: SRR12830917.mbin.3.fa
Scanning: SRR12830917.sbin.24.fa
Scanning: SRR12830920.mbin.7.fa
Scanning: SRR12830921.mbin.1.fa
Scanning: SRR12830928.mbin.5.fa
Scanning: SRR16916854.mbin.1.fa
Scanning: SRR19237612.sbin.2.fa
Scanning: VMGC_virus_all.fa
Scanning: VMGC_virus_vOTU.fa
Scanning: VP_02.fa
Scanning: VP_03.fa
Scanning: VP_04.fa
Scanning: VP_05.fa
Scanning: VP_06.fa
Scanning: VP_07.fa
Scanning: VP_08.fa
Scanning: VP_10.fa
Done. Lines in map:
35220 /scratch/prj/rosetree/Valentina/databases/VMGC_DB/kraken2_vmgc_custom/seqid2taxid.map
First 5 lines:
ERR10898147.mbin.11|k121_2180|kraken:taxid|900000001	900000001
ERR10898147.mbin.11|k121_10243|kraken:taxid|900000001	900000001
ERR10898147.mbin.11|k121_5450|kraken:taxid|900000001	900000001
ERR10898147.mbin.11|k121_7631|kraken:taxid|900000001	900000001
ERR10898147.mbin.11|k121_7412|kraken:taxid|900000001	900000001
